// Vitest Snapshot v1, https://vitest.dev/guide/snapshot.html

exports[`Main 1`] = `
[
  {
    "bundled": {
      "name": "assets/car-lite-okg-C77L.svg",
      "size": "12.9 kB (12907)",
    },
    "original": {
      "name": "car-lite.svg",
      "size": "26.5 kB (26539)",
    },
    "saved": {
      "percentage": "-51.37%",
      "size": "-13.6 kB (-13632)",
    },
  },
  {
    "bundled": {
      "name": "assets/demo-artwork-SS7dJ2TE.jpg",
      "size": "390 kB (390312)",
    },
    "original": {
      "name": "demo-artwork.jpg",
      "size": "2.92 MB (2922539)",
    },
    "saved": {
      "percentage": "-86.64%",
      "size": "-2.53 MB (-2532227)",
    },
  },
  {
    "bundled": {
      "name": "assets/demo-device-screen-CcBXoMsE.png",
      "size": "1.42 MB (1421280)",
    },
    "original": {
      "name": "demo-device-screen.png",
      "size": "1.62 MB (1622142)",
    },
    "saved": {
      "percentage": "-12.38%",
      "size": "-201 kB (-200862)",
    },
  },
  {
    "bundled": {
      "name": "assets/demo-large-photo-DuXcsXKK.jpg",
      "size": "862 kB (862478)",
    },
    "original": {
      "name": "demo-large-photo.jpg",
      "size": "2.79 MB (2790013)",
    },
    "saved": {
      "percentage": "-69.09%",
      "size": "-1.93 MB (-1927535)",
    },
  },
  {
    "bundled": {
      "name": "assets/sofa_grid1x5_420-BqPuAwOk.avif",
      "size": "25.4 kB (25409)",
    },
    "original": {
      "name": "sofa_grid1x5_420.avif",
      "size": "25.4 kB (25409)",
    },
    "saved": {
      "percentage": "0.00%",
      "size": "0 B (0)",
    },
  },
  {
    "bundled": {
      "name": "assets/test-CHyExZGr.jxl",
      "size": "151 B (151)",
    },
    "original": {
      "name": "test.jxl",
      "size": "151 B (151)",
    },
    "saved": {
      "percentage": "0.00%",
      "size": "0 B (0)",
    },
  },
  {
    "bundled": {
      "name": "assets/test-DBME9N5w.webp",
      "size": "2.05 kB (2050)",
    },
    "original": {
      "name": "test.webp",
      "size": "4.88 kB (4880)",
    },
    "saved": {
      "percentage": "-57.99%",
      "size": "-2.83 kB (-2830)",
    },
  },
]
`;
